main.c:102:6:ansiEscapePrint	112	static
main.c:118:5:main	336	static
main.c:361:6:SystemClock_Config	232	static
main.c:438:13:MX_ADC1_Init	48	static
main.c:503:13:MX_DFSDM1_Init	8	static
main.c:541:13:MX_I2C2_Init	8	static
main.c:587:13:MX_QUADSPI_Init	8	static
main.c:620:13:MX_SPI3_Init	8	static
main.c:660:13:MX_USART1_UART_Init	8	static
main.c:695:13:MX_USART3_UART_Init	8	static
main.c:730:13:MX_USB_OTG_FS_PCD_Init	8	static
main.c:765:13:MX_GPIO_Init	48	static
main.c:945:6:HAL_TIM_PeriodElapsedCallback	16	static
main.c:962:6:Error_Handler	4	static
